/usr/bin/bash: line 1: compile.bat: command not found
